Script started on Mon 09 Feb 2015 01:26:31 PM PST
~
jduga002@hammer $ cd Documents/rshell
~/Documents/rshell
jduga002@hammer $ make
g++ -Wall -Werror -ansi -pedantic -o bin/rshell src/main.cpp
g++ -Wall -Werror -ansi -pedantic -o bin/ls src/ls.cpp
g++ -Wall -Werror -ansi -pedantic -o bin/cp src/cp.cpp
~/Documents/rshell
jduga002@hammer $ ls -l
total 40
drwx------ 2 jduga002 classes  4096 Feb  9 13:23 [0m[01;34mbin[0m/
-rw------- 1 jduga002 classes 18665 Feb  9 11:20 LICENSE
-rw------- 1 jduga002 classes   433 Feb  9 13:11 Makefile
-rw------- 1 jduga002 classes  1297 Feb  9 11:20 README.md
drwx------ 2 jduga002 classes  4096 Feb  9 13:09 [01;34msrc[0m/
-rw------- 1 jduga002 classes    31 Feb  9 13:15 test_input
drwx------ 2 jduga002 classes  4096 Feb  9 13:17 [01;34mtests[0m/
[m~/Documents/rshell
jduga002@hammer $ bin/cp test_input test_output
~/Documents/rshell
jduga002@hammer $ ls -l
total 40
drwx------ 2 jduga002 classes  4096 Feb  9 13:23 [0m[01;34mbin[0m/
-rw------- 1 jduga002 classes 18665 Feb  9 11:20 LICENSE
-rw------- 1 jduga002 classes   433 Feb  9 13:11 Makefile
-rw------- 1 jduga002 classes  1297 Feb  9 11:20 README.md
drwx------ 2 jduga002 classes  4096 Feb  9 13:09 [01;34msrc[0m/
-rw------- 1 jduga002 classes    31 Feb  9 13:15 test_input
-rw------- 1 jduga002 classes    31 Feb  9 13:23 test_output
drwx------ 2 jduga002 classes  4096 Feb  9 13:17 [01;34mtests[0m/
[m~/Documents/rshell
jduga002@hammer $ cat test_input
This is a test
lol
I like pie.
~/Documents/rshell
jduga002@hammer $ cat test_output
This is a test
lol
I like pie.
~/Documents/rshell
jduga002@hammer $ bin/cp /usr/share/dict/linux.words test_output2 -flag
Time for getput(): 0.231964
Time for readwrite(): 0.718891
Time for readwritebuf(): 0
~/Documents/rshell
jduga002@hammer $ ls -l
total 4888
drwx------ 2 jduga002 classes    4096 Feb  9 13:23 [0m[01;34mbin[0m/
-rw------- 1 jduga002 classes   18665 Feb  9 11:20 LICENSE
-rw------- 1 jduga002 classes     433 Feb  9 13:11 Makefile
-rw------- 1 jduga002 classes    1297 Feb  9 11:20 README.md
drwx------ 2 jduga002 classes    4096 Feb  9 13:09 [01;34msrc[0m/
-rw------- 1 jduga002 classes      31 Feb  9 13:15 test_input
-rw------- 1 jduga002 classes      31 Feb  9 13:23 test_output
-rw------- 1 jduga002 classes 4953699 Feb  9 13:25 test_output2
drwx------ 2 jduga002 classes    4096 Feb  9 13:17 [01;34mtests[0m/
[m~/Documents/rshell
jduga002@hammer $ bin/cp blah test_output3
error with stat: No such file or directory
~/Documents/rshell
jduga002@hammer $ ls -l
total 4888
drwx------ 2 jduga002 classes    4096 Feb  9 13:23 [0m[01;34mbin[0m/
-rw------- 1 jduga002 classes   18665 Feb  9 11:20 LICENSE
-rw------- 1 jduga002 classes     433 Feb  9 13:11 Makefile
-rw------- 1 jduga002 classes    1297 Feb  9 11:20 README.md
drwx------ 2 jduga002 classes    4096 Feb  9 13:09 [01;34msrc[0m/
-rw------- 1 jduga002 classes      31 Feb  9 13:15 test_input
-rw------- 1 jduga002 classes      31 Feb  9 13:23 test_output
-rw------- 1 jduga002 classes 4953699 Feb  9 13:25 test_output2
drwx------ 2 jduga002 classes    4096 Feb  9 13:17 [01;34mtests[0m/
[m~/Documents/rshell
jduga002@hammer $ bin/cp test_input test_output2
Output file does exist
~/Documents/rshell
jduga002@hammer $ ls -l
total 4888
drwx------ 2 jduga002 classes    4096 Feb  9 13:23 [0m[01;34mbin[0m/
-rw------- 1 jduga002 classes   18665 Feb  9 11:20 LICENSE
-rw------- 1 jduga002 classes     433 Feb  9 13:11 Makefile
-rw------- 1 jduga002 classes    1297 Feb  9 11:20 README.md
drwx------ 2 jduga002 classes    4096 Feb  9 13:09 [01;34msrc[0m/
-rw------- 1 jduga002 classes      31 Feb  9 13:15 test_input
-rw------- 1 jduga002 classes      31 Feb  9 13:23 test_output
-rw------- 1 jduga002 classes 4953699 Feb  9 13:25 test_output2
drwx------ 2 jduga002 classes    4096 Feb  9 13:17 [01;34mtests[0m/
[m~/Documents/rshell
jduga002@hammer $ cat test_input
This is a test
lol
I like pie.
~/Documents/rshell
jduga002@hammer $ exit
exit

Script done on Mon 09 Feb 2015 01:30:11 PM PST
