Script started on Mon 23 Feb 2015 01:32:31 AM PST
]0;jeffrey@jeffrey-N56DP: ~/cs100/rshelljeffrey@jeffrey-N56DP:~/cs100/rshell$ make
g++ -Wall -Werror -ansi -pedantic -o bin/rshell src/main.cpp
g++ -Wall -Werror -ansi -pedantic -o bin/ls src/ls.cpp
g++ -Wall -Werror -ansi -pedantic -o bin/cp src/cp.cpp
]0;jeffrey@jeffrey-N56DP: ~/cs100/rshelljeffrey@jeffrey-N56DP:~/cs100/rshell$ bin/rshell
$ cat dummy_input
hello this is pie.
$ cat < dummy_input
Found redirection case.
Detected input redirection. Executing first.
hello this is pie.
$ ls > output
Found redirection case.
Detected output redirection. Executing first.
ls: cannot access ls: No such file or directory
$ cat > oup tput^M
cat: output: No such file or directory
$ cat append_output
cat: append_output: No such file or directory
$ ls >> append_output
Found redirection case.
Detected output redirection. Executing first.
Error with opening empty output file.: No such file or directory
$ ls >> list
Found redirection case.
Detected output redirection. Executing first.
Error with opening empty output file.: No such file or directory
$ e exit
Exited Shell. Good Day.
]0;jeffrey@jeffrey-N56DP: ~/cs100/rshelljeffrey@jeffrey-N56DP:~/cs100/rshell$ exit
exit

Script done on Mon 23 Feb 2015 01:33:56 AM PST
